// Jest Snapshot v1, https://goo.gl/fbAQLP

exports[`Test GameBody should match the snapshot 1`] = `
<DocumentFragment>
  <div
    class="gameBody"
  >
    <div
      class="gameBody__gameButtons"
    >
      <button
        class="gameBody__gameButton"
      >
        New Players
      </button>
    </div>
    <div
      class="scoreBoard"
    >
      <div
        class="scoreBoard__title"
        data-testid="title-component"
      >
        Score:
      </div>
      <div
        class="scoreBoard__body"
      >
        <div
          class="scoreBoard__row"
        >
          <div
            class="scoreBoard__label"
          >
            undefined: 
          </div>
          <div
            class="scoreBoard__score"
          >
            0
          </div>
        </div>
        <div
          class="scoreBoard__row"
        >
          <div
            class="scoreBoard__label"
          >
            undefined: 
          </div>
          <div
            class="scoreBoard__score"
          >
            0
          </div>
        </div>
      </div>
    </div>
    <div
      class="gameBody__buttonsAll"
    >
      <div
        class="gameBody__buttonRow"
      >
        <button
          class="gameBody__button"
        >
          Fire
        </button>
        <button
          class="gameBody__button"
        >
          Glass
        </button>
        <button
          class="gameBody__button"
        >
          Dynamite
        </button>
      </div>
      <div
        class="gameBody__buttonRow"
      >
        <button
          class="gameBody__button"
        >
          Rock
        </button>
        <button
          class="gameBody__button"
        >
          Paper
        </button>
        <button
          class="gameBody__button"
        >
          Scissors
        </button>
      </div>
      <div
        class="gameBody__buttonRow"
      >
        <button
          class="gameBody__button"
        >
          Putin
        </button>
        <button
          class="gameBody__button"
        >
          Lizard
        </button>
        <button
          class="gameBody__button"
        >
          Spock
        </button>
      </div>
    </div>
    <div>
      <div
        class="responseMessage"
      >
        <div
          class="responseMessage__winner"
        >
          Let's play!
        </div>
      </div>
    </div>
  </div>
</DocumentFragment>
`;
