// Jest Snapshot v1, https://goo.gl/fbAQLP

exports[`Test Body should match the snapshot 1`] = `
<DocumentFragment>
  <div
    class="scoreBoard"
  >
    <div
      class="scoreBoard__title"
      data-testid="title-component"
    >
      Score:
    </div>
    <div
      class="scoreBoard__body"
    >
      <div
        class="scoreBoard__row"
      >
        <div
          class="scoreBoard__label"
        >
          undefined: 
        </div>
        <div
          class="scoreBoard__score"
        />
      </div>
      <div
        class="scoreBoard__row"
      >
        <div
          class="scoreBoard__label"
        >
          undefined: 
        </div>
        <div
          class="scoreBoard__score"
        />
      </div>
    </div>
  </div>
</DocumentFragment>
`;
